// Jest Snapshot v1, https://goo.gl/fbAQLP

exports[`should render header correctly 1`] = `
<header>
  <h1>
    40 días de oración
  </h1>
  <NavLink
    activeClassName="is-active"
    ariaCurrent="true"
    exact={true}
    to="/"
  >
    Dashboard
  </NavLink>
  <NavLink
    activeClassName="is-active"
    ariaCurrent="true"
    to="/create/folio"
  >
    Crear Folio
  </NavLink>
  <NavLink
    activeClassName="is-active"
    ariaCurrent="true"
    exact={true}
    to="/create"
  >
    Registro Participante
  </NavLink>
</header>
`;
